// Jest Snapshot v1, https://goo.gl/fbAQLP

exports[`encoder 1`] = `
Map {
  "MPSection:DFCBE345-A12D-451E-8320-723F25D2F472" => Object {
    "_id": "MPSection:DFCBE345-A12D-451E-8320-723F25D2F472",
    "elementIDs": Array [
      "MPTOCElement:657C54DB-78B5-4206-E322-170F68263A01",
    ],
    "objectType": "MPSection",
    "path": Array [
      "MPSection:DFCBE345-A12D-451E-8320-723F25D2F472",
    ],
    "priority": 1,
    "title": "Table of Contents",
  },
  "MPTOCElement:657C54DB-78B5-4206-E322-170F68263A01" => Object {
    "_id": "MPTOCElement:657C54DB-78B5-4206-E322-170F68263A01",
    "contents": "<div id=\\"MPTOCElement:657C54DB-78B5-4206-E322-170F68263A01\\" class=\\"manuscript-toc\\" contenteditable=\\"false\\">
  
    
    
    
    

	
      
        
        
        <ul class=\\"manuscript-toc-list\\">
      
	
	 
    <li class=\\"manuscript-toc-list-item\\" data-referenced-section=\\"MPSection:DFCBE345-A12D-451E-8320-723F25D2F472\\" data-referenced-section-path-length=\\"1\\">
      1. Table of Contents
    </li>

    

    
    
    

  
    
    
    
    

	
	 
    <li class=\\"manuscript-toc-list-item\\" data-referenced-section=\\"MPSection:77786D47-6060-4FBC-BC13-5FA754968D6A\\" data-referenced-section-path-length=\\"1\\">
      2. First section
    </li>

    

    
    
    

  
    
    
    
    

	
	 
    <li class=\\"manuscript-toc-list-item\\" data-referenced-section=\\"MPSection:F8EE617B-484B-4CF2-F1CA-014F5307D5CF\\" data-referenced-section-path-length=\\"1\\">
      3. Section Two
    </li>

    

    
    
    

  
    
    
    
    

	
	 
    <li class=\\"manuscript-toc-list-item\\" data-referenced-section=\\"MPSection:E07B0D52-9642-4D58-E577-26F8804E3DEE\\" data-referenced-section-path-length=\\"1\\">
      4. Bibliography
    </li>

    

    
    
    
      </ul>
    

  
</div>",
    "objectType": "MPTOCElement",
  },
  "MPSection:77786D47-6060-4FBC-BC13-5FA754968D6A" => Object {
    "_id": "MPSection:77786D47-6060-4FBC-BC13-5FA754968D6A",
    "elementIDs": Array [
      "MPParagraphElement:150780D7-CFED-4529-9398-77B5C7625044",
      "MPParagraphElement:60C13548-23C0-4348-FE98-0510E0B61B18",
      "MPParagraphElement:A89DC62A-90ED-4283-AB6D-06CA2519D801",
      "MPParagraphElement:05A0ED43-8928-4C69-A17C-0A98795001CD",
    ],
    "objectType": "MPSection",
    "path": Array [
      "MPSection:77786D47-6060-4FBC-BC13-5FA754968D6A",
    ],
    "priority": 2,
    "title": "First section",
    "titleSuppressed": undefined,
  },
  "MPParagraphElement:150780D7-CFED-4529-9398-77B5C7625044" => Object {
    "_id": "MPParagraphElement:150780D7-CFED-4529-9398-77B5C7625044",
    "contents": "<p xmlns=\\"http://www.w3.org/1999/xhtml\\" id=\\"MPParagraphElement:150780D7-CFED-4529-9398-77B5C7625044\\" class=\\"MPElement MPParagraphStyle_7EAB5784-717B-4672-BD59-8CA324FB0637\\" data-object-type=\\"MPParagraphElement\\" data-placeholder-text=\\"Start from here. Enjoy writing! - the Manuscripts Team.\\">The first section.</p>",
    "elementType": "p",
    "objectType": "MPParagraphElement",
    "paragraphStyle": "MPParagraphStyle:7EAB5784-717B-4672-BD59-8CA324FB0637",
  },
  "MPParagraphElement:60C13548-23C0-4348-FE98-0510E0B61B18" => Object {
    "_id": "MPParagraphElement:60C13548-23C0-4348-FE98-0510E0B61B18",
    "contents": "<p xmlns=\\"http://www.w3.org/1999/xhtml\\" id=\\"MPParagraphElement:60C13548-23C0-4348-FE98-0510E0B61B18\\" class=\\"MPElement MPParagraphStyle_7EAB5784-717B-4672-BD59-8CA324FB0637\\" data-object-type=\\"MPParagraphElement\\">The text in this sentence is <b>bold</b>, <i>italic</i>, or <u>underlined</u>.</p>",
    "elementType": "p",
    "objectType": "MPParagraphElement",
    "paragraphStyle": "MPParagraphStyle:7EAB5784-717B-4672-BD59-8CA324FB0637",
  },
  "MPParagraphElement:A89DC62A-90ED-4283-AB6D-06CA2519D801" => Object {
    "_id": "MPParagraphElement:A89DC62A-90ED-4283-AB6D-06CA2519D801",
    "contents": "<p xmlns=\\"http://www.w3.org/1999/xhtml\\" id=\\"MPParagraphElement:A89DC62A-90ED-4283-AB6D-06CA2519D801\\" class=\\"MPElement MPParagraphStyle_7EAB5784-717B-4672-BD59-8CA324FB0637\\" data-object-type=\\"MPParagraphElement\\"><b><i><u>The text in this sentence is bold, italic and underlined.</u></i></b></p>",
    "elementType": "p",
    "objectType": "MPParagraphElement",
    "paragraphStyle": "MPParagraphStyle:7EAB5784-717B-4672-BD59-8CA324FB0637",
  },
  "MPParagraphElement:05A0ED43-8928-4C69-A17C-0A98795001CD" => Object {
    "_id": "MPParagraphElement:05A0ED43-8928-4C69-A17C-0A98795001CD",
    "contents": "<p xmlns=\\"http://www.w3.org/1999/xhtml\\" id=\\"MPParagraphElement:05A0ED43-8928-4C69-A17C-0A98795001CD\\" class=\\"MPElement MPParagraphStyle_7EAB5784-717B-4672-BD59-8CA324FB0637\\" data-object-type=\\"MPParagraphElement\\">The text in this sentence is <sup>superscript</sup> and <sub>subscript</sub>.</p>",
    "elementType": "p",
    "objectType": "MPParagraphElement",
    "paragraphStyle": "MPParagraphStyle:7EAB5784-717B-4672-BD59-8CA324FB0637",
  },
  "MPSection:F8EE617B-484B-4CF2-F1CA-014F5307D5CF" => Object {
    "_id": "MPSection:F8EE617B-484B-4CF2-F1CA-014F5307D5CF",
    "elementIDs": Array [
      "MPParagraphElement:4DF93A63-D44D-41CF-AF54-23712B8703FA",
      "MPListElement:D1C6E3B5-C549-47B8-B051-1F534E8AA7E7",
      "MPListElement:F11B9FCA-5DB5-4ED4-FEF9-10CDCB64F96E",
      "MPListElement:AF5341C4-5E24-40BF-B853-F966726431EB",
      "MPFigureElement:A5D68C57-B5BB-4D10-E0C3-ECED717A2AA7",
      "MPFigureElement:B32BDEC8-E816-4946-C0BB-0404AF2F0C29",
      "MPTableElement:82BD8BAF-D136-4536-AD9C-92C30B9D7315",
      "MPTableElement:E0D445B4-18C4-43D3-97B3-1076A7BB5CF4",
      "MPTableElement:1DF69096-DBA3-47B0-B8C2-E06491E4C655",
      "MPTableElement:89CF51B2-A20C-4AB9-CBD9-F47DAF167DAA",
      "MPEquationElement:3896A81A-D43B-483F-B990-F64518A940D1",
      "MPListingElement:160785A9-4BC0-4C55-C4DE-AF5F4D858DCE",
      "MPParagraphElement:345B8B57-2E5E-45ED-E587-4EAAC2BD63E9",
      "MPParagraphElement:6B6DBF43-F7B2-404C-89DD-0EC1E1442B27",
      "MPParagraphElement:41B99DAB-F86C-477F-D36C-2B8590B5DAD0",
      "MPParagraphElement:C8A173A4-DF32-4242-E800-28A1AE5B48B8",
      "MPParagraphElement:CB7347E5-8502-4667-82B9-51104BB1FEDB",
      "MPParagraphElement:3708E8C7-441C-4502-8BFC-D3A2059CEF8B",
      "MPFootnotesElement:4CD7CE08-0880-46BD-FF83-52E32AEFAC3E",
    ],
    "objectType": "MPSection",
    "path": Array [
      "MPSection:F8EE617B-484B-4CF2-F1CA-014F5307D5CF",
    ],
    "priority": 3,
    "title": "Section Two",
    "titleSuppressed": true,
  },
  "MPParagraphElement:4DF93A63-D44D-41CF-AF54-23712B8703FA" => Object {
    "_id": "MPParagraphElement:4DF93A63-D44D-41CF-AF54-23712B8703FA",
    "contents": "<p xmlns=\\"http://www.w3.org/1999/xhtml\\" id=\\"MPParagraphElement:4DF93A63-D44D-41CF-AF54-23712B8703FA\\" class=\\"MPElement MPParagraphStyle_7EAB5784-717B-4672-BD59-8CA324FB0637\\" data-object-type=\\"MPParagraphElement\\">The heading of this section is hidden.</p>",
    "elementType": "p",
    "objectType": "MPParagraphElement",
    "paragraphStyle": "MPParagraphStyle:7EAB5784-717B-4672-BD59-8CA324FB0637",
  },
  "MPListElement:D1C6E3B5-C549-47B8-B051-1F534E8AA7E7" => Object {
    "_id": "MPListElement:D1C6E3B5-C549-47B8-B051-1F534E8AA7E7",
    "contents": "<ol xmlns=\\"http://www.w3.org/1999/xhtml\\" id=\\"MPListElement:D1C6E3B5-C549-47B8-B051-1F534E8AA7E7\\" class=\\"MPElement MPParagraphStyle_7EAB5784-717B-4672-BD59-8CA324FB0637\\" data-object-type=\\"MPListElement\\"><li data-placeholder-text=\\"List item\\">A numbered list.</li></ol>",
    "elementType": "ol",
    "objectType": "MPListElement",
    "paragraphStyle": "MPParagraphStyle:7EAB5784-717B-4672-BD59-8CA324FB0637",
  },
  "MPListElement:F11B9FCA-5DB5-4ED4-FEF9-10CDCB64F96E" => Object {
    "_id": "MPListElement:F11B9FCA-5DB5-4ED4-FEF9-10CDCB64F96E",
    "contents": "<ul xmlns=\\"http://www.w3.org/1999/xhtml\\" id=\\"MPListElement:F11B9FCA-5DB5-4ED4-FEF9-10CDCB64F96E\\" class=\\"MPElement MPParagraphStyle_7EAB5784-717B-4672-BD59-8CA324FB0637\\" data-object-type=\\"MPListElement\\"><li data-placeholder-text=\\"List item\\">A bullet list.</li></ul>",
    "elementType": "ul",
    "objectType": "MPListElement",
    "paragraphStyle": "MPParagraphStyle:7EAB5784-717B-4672-BD59-8CA324FB0637",
  },
  "MPListElement:AF5341C4-5E24-40BF-B853-F966726431EB" => Object {
    "_id": "MPListElement:AF5341C4-5E24-40BF-B853-F966726431EB",
    "contents": "<ol xmlns=\\"http://www.w3.org/1999/xhtml\\" id=\\"MPListElement:AF5341C4-5E24-40BF-B853-F966726431EB\\" class=\\"MPElement MPParagraphStyle_7EAB5784-717B-4672-BD59-8CA324FB0637\\" data-object-type=\\"MPListElement\\"><li data-placeholder-text=\\"List item\\">A numbered list with a nested list.<ol><li data-placeholder-text=\\"List item\\">This item is nested.</li></ol></li></ol>",
    "elementType": "ol",
    "objectType": "MPListElement",
    "paragraphStyle": "MPParagraphStyle:7EAB5784-717B-4672-BD59-8CA324FB0637",
  },
  "MPFigureElement:A5D68C57-B5BB-4D10-E0C3-ECED717A2AA7" => Object {
    "_id": "MPFigureElement:A5D68C57-B5BB-4D10-E0C3-ECED717A2AA7",
    "caption": "A figure with a caption",
    "containedObjectIDs": Array [
      "MPFigure:D673DF08-D75E-4061-8EC1-9611EAB302F0",
    ],
    "figureStyle": "MPFigureStyle:12916784-C8A2-414E-919D-490172E82B25",
    "objectType": "MPFigureElement",
    "suppressCaption": undefined,
  },
  "MPFigureElement:B32BDEC8-E816-4946-C0BB-0404AF2F0C29" => Object {
    "_id": "MPFigureElement:B32BDEC8-E816-4946-C0BB-0404AF2F0C29",
    "caption": "A figure with hidden caption",
    "containedObjectIDs": Array [
      "MPFigure:AD65D628-A904-4DC4-A026-F8F4C08F6557",
    ],
    "figureStyle": "MPFigureStyle:12916784-C8A2-414E-919D-490172E82B25",
    "objectType": "MPFigureElement",
    "suppressCaption": true,
  },
  "MPTableElement:82BD8BAF-D136-4536-AD9C-92C30B9D7315" => Object {
    "_id": "MPTableElement:82BD8BAF-D136-4536-AD9C-92C30B9D7315",
    "caption": "A table",
    "containedObjectID": "MPTable:509A944E-994C-4867-AE55-593628C5DBD5",
    "objectType": "MPTableElement",
    "paragraphStyle": "MPParagraphStyle:7EAB5784-717B-4672-BD59-8CA324FB0637",
    "suppressCaption": undefined,
    "suppressFooter": undefined,
    "suppressHeader": undefined,
    "tableStyle": "MPTableStyle:08C0E93B-848D-491F-8EB2-A8A0B17714BA",
  },
  "MPTable:509A944E-994C-4867-AE55-593628C5DBD5" => Object {
    "_id": "MPTable:509A944E-994C-4867-AE55-593628C5DBD5",
    "contents": "<table xmlns=\\"http://www.w3.org/1999/xhtml\\" id=\\"MPTableElement:82BD8BAF-D136-4536-AD9C-92C30B9D7315\\" class=\\"MPElement MPTableStyle_08C0E93B-848D-491F-8EB2-A8A0B17714BA MPParagraphStyle_7EAB5784-717B-4672-BD59-8CA324FB0637\\" data-contained-object-id=\\"MPTable:509A944E-994C-4867-AE55-593628C5DBD5\\"><thead style=\\"display: table-header-group;\\"><tr><th data-placeholder-text=\\"Header 1\\">Table Header</th><th data-placeholder-text=\\"Header 2\\">Table Header</th></tr></thead><tbody><tr><td data-placeholder-text=\\"Data\\">Table Data</td><td data-placeholder-text=\\"Data\\">Table Data</td></tr><tr><td data-placeholder-text=\\"Data\\">Table Data</td><td data-placeholder-text=\\"Data\\">Table Data</td></tr></tbody><tfoot style=\\"display: table-footer-group;\\"><tr><td data-placeholder-text=\\"Footer 1\\">Table Footer</td><td data-placeholder-text=\\"Footer 2\\">Table Footer</td></tr></tfoot></table>",
    "objectType": "MPTable",
  },
  "MPTableElement:E0D445B4-18C4-43D3-97B3-1076A7BB5CF4" => Object {
    "_id": "MPTableElement:E0D445B4-18C4-43D3-97B3-1076A7BB5CF4",
    "caption": "A table with hidden header",
    "containedObjectID": "MPTable:7E83812B-A759-4D38-C1C5-F6507D2FC2A9",
    "objectType": "MPTableElement",
    "paragraphStyle": "MPParagraphStyle:7EAB5784-717B-4672-BD59-8CA324FB0637",
    "suppressCaption": undefined,
    "suppressFooter": undefined,
    "suppressHeader": true,
    "tableStyle": "MPTableStyle:08C0E93B-848D-491F-8EB2-A8A0B17714BA",
  },
  "MPTable:7E83812B-A759-4D38-C1C5-F6507D2FC2A9" => Object {
    "_id": "MPTable:7E83812B-A759-4D38-C1C5-F6507D2FC2A9",
    "contents": "<table xmlns=\\"http://www.w3.org/1999/xhtml\\" id=\\"MPTableElement:E0D445B4-18C4-43D3-97B3-1076A7BB5CF4\\" class=\\"MPElement MPTableStyle_08C0E93B-848D-491F-8EB2-A8A0B17714BA MPParagraphStyle_7EAB5784-717B-4672-BD59-8CA324FB0637\\" data-contained-object-id=\\"MPTable:7E83812B-A759-4D38-C1C5-F6507D2FC2A9\\"><thead style=\\"display: none;\\"><tr><th data-placeholder-text=\\"Header 1\\">Table Header</th><th data-placeholder-text=\\"Header 2\\" class=\\"placeholder\\"></th></tr></thead><tbody><tr><td data-placeholder-text=\\"Data\\" class=\\"placeholder\\"></td><td data-placeholder-text=\\"Data\\" class=\\"placeholder\\"></td></tr><tr><td data-placeholder-text=\\"Data\\" class=\\"placeholder\\"></td><td data-placeholder-text=\\"Data\\" class=\\"placeholder\\"></td></tr></tbody><tfoot style=\\"display: table-footer-group;\\"><tr><td data-placeholder-text=\\"Footer 1\\" class=\\"placeholder\\"></td><td data-placeholder-text=\\"Footer 2\\" class=\\"placeholder\\"></td></tr></tfoot></table>",
    "objectType": "MPTable",
  },
  "MPTableElement:1DF69096-DBA3-47B0-B8C2-E06491E4C655" => Object {
    "_id": "MPTableElement:1DF69096-DBA3-47B0-B8C2-E06491E4C655",
    "caption": "A table with hidden footer",
    "containedObjectID": "MPTable:2A2413E2-71F5-4B6C-F513-7B44748E49A8",
    "objectType": "MPTableElement",
    "paragraphStyle": "MPParagraphStyle:7EAB5784-717B-4672-BD59-8CA324FB0637",
    "suppressCaption": undefined,
    "suppressFooter": true,
    "suppressHeader": undefined,
    "tableStyle": "MPTableStyle:08C0E93B-848D-491F-8EB2-A8A0B17714BA",
  },
  "MPTable:2A2413E2-71F5-4B6C-F513-7B44748E49A8" => Object {
    "_id": "MPTable:2A2413E2-71F5-4B6C-F513-7B44748E49A8",
    "contents": "<table xmlns=\\"http://www.w3.org/1999/xhtml\\" id=\\"MPTableElement:1DF69096-DBA3-47B0-B8C2-E06491E4C655\\" class=\\"MPElement MPTableStyle_08C0E93B-848D-491F-8EB2-A8A0B17714BA MPParagraphStyle_7EAB5784-717B-4672-BD59-8CA324FB0637\\" data-contained-object-id=\\"MPTable:2A2413E2-71F5-4B6C-F513-7B44748E49A8\\"><thead style=\\"display: table-header-group;\\"><tr><th data-placeholder-text=\\"Header 1\\" class=\\"placeholder\\"></th><th data-placeholder-text=\\"Header 2\\" class=\\"placeholder\\"></th></tr></thead><tbody><tr><td data-placeholder-text=\\"Data\\" class=\\"placeholder\\"></td><td data-placeholder-text=\\"Data\\" class=\\"placeholder\\"></td></tr><tr><td data-placeholder-text=\\"Data\\" class=\\"placeholder\\"></td><td data-placeholder-text=\\"Data\\" class=\\"placeholder\\"></td></tr></tbody><tfoot style=\\"display: none;\\"><tr><td data-placeholder-text=\\"Footer 1\\" class=\\"placeholder\\"></td><td data-placeholder-text=\\"Footer 2\\" class=\\"placeholder\\"></td></tr></tfoot></table>",
    "objectType": "MPTable",
  },
  "MPTableElement:89CF51B2-A20C-4AB9-CBD9-F47DAF167DAA" => Object {
    "_id": "MPTableElement:89CF51B2-A20C-4AB9-CBD9-F47DAF167DAA",
    "caption": "A table with hidden caption",
    "containedObjectID": "MPTable:6C045963-404A-4E1E-FF81-B40E9772A6A6",
    "objectType": "MPTableElement",
    "paragraphStyle": "MPParagraphStyle:7EAB5784-717B-4672-BD59-8CA324FB0637",
    "suppressCaption": undefined,
    "suppressFooter": undefined,
    "suppressHeader": undefined,
    "tableStyle": "MPTableStyle:08C0E93B-848D-491F-8EB2-A8A0B17714BA",
  },
  "MPTable:6C045963-404A-4E1E-FF81-B40E9772A6A6" => Object {
    "_id": "MPTable:6C045963-404A-4E1E-FF81-B40E9772A6A6",
    "contents": "<table xmlns=\\"http://www.w3.org/1999/xhtml\\" id=\\"MPTableElement:89CF51B2-A20C-4AB9-CBD9-F47DAF167DAA\\" class=\\"MPElement MPTableStyle_08C0E93B-848D-491F-8EB2-A8A0B17714BA MPParagraphStyle_7EAB5784-717B-4672-BD59-8CA324FB0637\\" data-contained-object-id=\\"MPTable:6C045963-404A-4E1E-FF81-B40E9772A6A6\\"><thead style=\\"display: table-header-group;\\"><tr><th data-placeholder-text=\\"Header 1\\" class=\\"placeholder\\"></th><th data-placeholder-text=\\"Header 2\\" class=\\"placeholder\\"></th></tr></thead><tbody><tr><td data-placeholder-text=\\"Data\\" class=\\"placeholder\\"></td><td data-placeholder-text=\\"Data\\" class=\\"placeholder\\"></td></tr><tr><td data-placeholder-text=\\"Data\\" class=\\"placeholder\\"></td><td data-placeholder-text=\\"Data\\" class=\\"placeholder\\"></td></tr></tbody><tfoot style=\\"display: table-footer-group;\\"><tr><td data-placeholder-text=\\"Footer 1\\" class=\\"placeholder\\"></td><td data-placeholder-text=\\"Footer 2\\" class=\\"placeholder\\"></td></tr></tfoot></table>",
    "objectType": "MPTable",
  },
  "MPEquationElement:3896A81A-D43B-483F-B990-F64518A940D1" => Object {
    "_id": "MPEquationElement:3896A81A-D43B-483F-B990-F64518A940D1",
    "caption": "",
    "containedObjectID": "MPEquation:C900DDA4-BE45-4AF6-8C9F-CA0AA5FCC403",
    "objectType": "MPEquationElement",
    "suppressCaption": true,
  },
  "MPEquation:C900DDA4-BE45-4AF6-8C9F-CA0AA5FCC403" => Object {
    "SVGStringRepresentation": "<svg xmlns:xlink=\\"http://www.w3.org/1999/xlink\\" xmlns=\\"http://www.w3.org/2000/svg\\" width=\\"7.916ex\\" height=\\"2.097ex\\" viewBox=\\"0 -781.2 3408.1 903.1\\" role=\\"img\\" focusable=\\"false\\" style=\\"vertical-align: -0.283ex;\\"><defs xmlns=\\"http://www.w3.org/2000/svg\\"><path stroke-width=\\"1\\" id=\\"MJMAIN-32\\" d=\\"M109 429Q82 429 66 447T50 491Q50 562 103 614T235 666Q326 666 387 610T449 465Q449 422 429 383T381 315T301 241Q265 210 201 149L142 93L218 92Q375 92 385 97Q392 99 409 186V189H449V186Q448 183 436 95T421 3V0H50V19V31Q50 38 56 46T86 81Q115 113 136 137Q145 147 170 174T204 211T233 244T261 278T284 308T305 340T320 369T333 401T340 431T343 464Q343 527 309 573T212 619Q179 619 154 602T119 569T109 550Q109 549 114 549Q132 549 151 535T170 489Q170 464 154 447T109 429Z\\"/><path stroke-width=\\"1\\" id=\\"MJMATHI-78\\" d=\\"M52 289Q59 331 106 386T222 442Q257 442 286 424T329 379Q371 442 430 442Q467 442 494 420T522 361Q522 332 508 314T481 292T458 288Q439 288 427 299T415 328Q415 374 465 391Q454 404 425 404Q412 404 406 402Q368 386 350 336Q290 115 290 78Q290 50 306 38T341 26Q378 26 414 59T463 140Q466 150 469 151T485 153H489Q504 153 504 145Q504 144 502 134Q486 77 440 33T333 -11Q263 -11 227 52Q186 -10 133 -10H127Q78 -10 57 16T35 71Q35 103 54 123T99 143Q142 143 142 101Q142 81 130 66T107 46T94 41L91 40Q91 39 97 36T113 29T132 26Q168 26 194 71Q203 87 217 139T245 247T261 313Q266 340 266 352Q266 380 251 392T217 404Q177 404 142 372T93 290Q91 281 88 280T72 278H58Q52 284 52 289Z\\"/><path stroke-width=\\"1\\" id=\\"MJMAIN-33\\" d=\\"M127 463Q100 463 85 480T69 524Q69 579 117 622T233 665Q268 665 277 664Q351 652 390 611T430 522Q430 470 396 421T302 350L299 348Q299 347 308 345T337 336T375 315Q457 262 457 175Q457 96 395 37T238 -22Q158 -22 100 21T42 130Q42 158 60 175T105 193Q133 193 151 175T169 130Q169 119 166 110T159 94T148 82T136 74T126 70T118 67L114 66Q165 21 238 21Q293 21 321 74Q338 107 338 175V195Q338 290 274 322Q259 328 213 329L171 330L168 332Q166 335 166 348Q166 366 174 366Q202 366 232 371Q266 376 294 413T322 525V533Q322 590 287 612Q265 626 240 626Q208 626 181 615T143 592T132 580H135Q138 579 143 578T153 573T165 566T175 555T183 540T186 520Q186 498 172 481T127 463Z\\"/><path stroke-width=\\"1\\" id=\\"MJMAIN-3D\\" d=\\"M56 347Q56 360 70 367H707Q722 359 722 347Q722 336 708 328L390 327H72Q56 332 56 347ZM56 153Q56 168 72 173H708Q722 163 722 153Q722 140 707 133H70Q56 140 56 153Z\\"/><path stroke-width=\\"1\\" id=\\"MJMAIN-36\\" d=\\"M42 313Q42 476 123 571T303 666Q372 666 402 630T432 550Q432 525 418 510T379 495Q356 495 341 509T326 548Q326 592 373 601Q351 623 311 626Q240 626 194 566Q147 500 147 364L148 360Q153 366 156 373Q197 433 263 433H267Q313 433 348 414Q372 400 396 374T435 317Q456 268 456 210V192Q456 169 451 149Q440 90 387 34T253 -22Q225 -22 199 -14T143 16T92 75T56 172T42 313ZM257 397Q227 397 205 380T171 335T154 278T148 216Q148 133 160 97T198 39Q222 21 251 21Q302 21 329 59Q342 77 347 104T352 209Q352 289 347 316T329 361Q302 397 257 397Z\\"/></defs><g stroke=\\"currentColor\\" fill=\\"currentColor\\" stroke-width=\\"0\\" transform=\\"matrix(1 0 0 -1 0 0)\\"><use xlink:href=\\"#MJMAIN-32\\" x=\\"0\\" y=\\"0\\"/><use xlink:href=\\"#MJMATHI-78\\" x=\\"500\\" y=\\"0\\"/><use xlink:href=\\"#MJMAIN-33\\" x=\\"1073\\" y=\\"0\\"/><use xlink:href=\\"#MJMAIN-3D\\" x=\\"1851\\" y=\\"0\\"/><use xlink:href=\\"#MJMAIN-36\\" x=\\"2907\\" y=\\"0\\"/></g></svg>",
    "TeXRepresentation": "2x3=6",
    "_id": "MPEquation:C900DDA4-BE45-4AF6-8C9F-CA0AA5FCC403",
    "objectType": "MPEquation",
  },
  "MPListingElement:160785A9-4BC0-4C55-C4DE-AF5F4D858DCE" => Object {
    "_id": "MPListingElement:160785A9-4BC0-4C55-C4DE-AF5F4D858DCE",
    "caption": "",
    "containedObjectID": "MPListing:4D688DCF-29CD-40CC-93BD-2B13CD883257",
    "objectType": "MPListingElement",
    "suppressCaption": false,
  },
  "MPListing:4D688DCF-29CD-40CC-93BD-2B13CD883257" => Object {
    "_id": "MPListing:4D688DCF-29CD-40CC-93BD-2B13CD883257",
    "contents": "// a JavaScript code block

const x = 'y'",
    "language": "JavaScript",
    "languageKey": "javascript",
    "objectType": "MPListing",
  },
  "MPParagraphElement:345B8B57-2E5E-45ED-E587-4EAAC2BD63E9" => Object {
    "_id": "MPParagraphElement:345B8B57-2E5E-45ED-E587-4EAAC2BD63E9",
    "contents": "<p xmlns=\\"http://www.w3.org/1999/xhtml\\" id=\\"MPParagraphElement:345B8B57-2E5E-45ED-E587-4EAAC2BD63E9\\" class=\\"MPElement MPParagraphStyle_7EAB5784-717B-4672-BD59-8CA324FB0637\\" data-object-type=\\"MPParagraphElement\\">An inline equation: <span class=\\"MPInlineMathFragment\\" id=\\"MPInlineMathFragment:A8A76DC2-EA6A-44BF-E8E7-B4A9EAEDF090\\" data-tex-representation=\\"3+5=8\\"><svg xmlns:xlink=\\"http://www.w3.org/1999/xlink\\" width=\\"9.426ex\\" height=\\"2.237ex\\" viewBox=\\"0 -781.2 4058.5 963\\" role=\\"img\\" focusable=\\"false\\" xmlns=\\"http://www.w3.org/2000/svg\\" style=\\"vertical-align: -0.422ex;\\"><defs><path stroke-width=\\"1\\" id=\\"MJMAIN-33\\" d=\\"M127 463Q100 463 85 480T69 524Q69 579 117 622T233 665Q268 665 277 664Q351 652 390 611T430 522Q430 470 396 421T302 350L299 348Q299 347 308 345T337 336T375 315Q457 262 457 175Q457 96 395 37T238 -22Q158 -22 100 21T42 130Q42 158 60 175T105 193Q133 193 151 175T169 130Q169 119 166 110T159 94T148 82T136 74T126 70T118 67L114 66Q165 21 238 21Q293 21 321 74Q338 107 338 175V195Q338 290 274 322Q259 328 213 329L171 330L168 332Q166 335 166 348Q166 366 174 366Q202 366 232 371Q266 376 294 413T322 525V533Q322 590 287 612Q265 626 240 626Q208 626 181 615T143 592T132 580H135Q138 579 143 578T153 573T165 566T175 555T183 540T186 520Q186 498 172 481T127 463Z\\"/><path stroke-width=\\"1\\" id=\\"MJMAIN-2B\\" d=\\"M56 237T56 250T70 270H369V420L370 570Q380 583 389 583Q402 583 409 568V270H707Q722 262 722 250T707 230H409V-68Q401 -82 391 -82H389H387Q375 -82 369 -68V230H70Q56 237 56 250Z\\"/><path stroke-width=\\"1\\" id=\\"MJMAIN-35\\" d=\\"M164 157Q164 133 148 117T109 101H102Q148 22 224 22Q294 22 326 82Q345 115 345 210Q345 313 318 349Q292 382 260 382H254Q176 382 136 314Q132 307 129 306T114 304Q97 304 95 310Q93 314 93 485V614Q93 664 98 664Q100 666 102 666Q103 666 123 658T178 642T253 634Q324 634 389 662Q397 666 402 666Q410 666 410 648V635Q328 538 205 538Q174 538 149 544L139 546V374Q158 388 169 396T205 412T256 420Q337 420 393 355T449 201Q449 109 385 44T229 -22Q148 -22 99 32T50 154Q50 178 61 192T84 210T107 214Q132 214 148 197T164 157Z\\"/><path stroke-width=\\"1\\" id=\\"MJMAIN-3D\\" d=\\"M56 347Q56 360 70 367H707Q722 359 722 347Q722 336 708 328L390 327H72Q56 332 56 347ZM56 153Q56 168 72 173H708Q722 163 722 153Q722 140 707 133H70Q56 140 56 153Z\\"/><path stroke-width=\\"1\\" id=\\"MJMAIN-38\\" d=\\"M70 417T70 494T124 618T248 666Q319 666 374 624T429 515Q429 485 418 459T392 417T361 389T335 371T324 363L338 354Q352 344 366 334T382 323Q457 264 457 174Q457 95 399 37T249 -22Q159 -22 101 29T43 155Q43 263 172 335L154 348Q133 361 127 368Q70 417 70 494ZM286 386L292 390Q298 394 301 396T311 403T323 413T334 425T345 438T355 454T364 471T369 491T371 513Q371 556 342 586T275 624Q268 625 242 625Q201 625 165 599T128 534Q128 511 141 492T167 463T217 431Q224 426 228 424L286 386ZM250 21Q308 21 350 55T392 137Q392 154 387 169T375 194T353 216T330 234T301 253T274 270Q260 279 244 289T218 306L210 311Q204 311 181 294T133 239T107 157Q107 98 150 60T250 21Z\\"/></defs><g stroke=\\"currentColor\\" fill=\\"currentColor\\" stroke-width=\\"0\\" transform=\\"matrix(1 0 0 -1 0 0)\\"><use xlink:href=\\"#MJMAIN-33\\" x=\\"0\\" y=\\"0\\"/><use xlink:href=\\"#MJMAIN-2B\\" x=\\"722\\" y=\\"0\\"/><use xlink:href=\\"#MJMAIN-35\\" x=\\"1723\\" y=\\"0\\"/><use xlink:href=\\"#MJMAIN-3D\\" x=\\"2501\\" y=\\"0\\"/><use xlink:href=\\"#MJMAIN-38\\" x=\\"3558\\" y=\\"0\\"/></g></svg></span></p>",
    "elementType": "p",
    "objectType": "MPParagraphElement",
    "paragraphStyle": "MPParagraphStyle:7EAB5784-717B-4672-BD59-8CA324FB0637",
  },
  "MPInlineMathFragment:A8A76DC2-EA6A-44BF-E8E7-B4A9EAEDF090" => Object {
    "SVGGlyphs": "<defs xmlns=\\"http://www.w3.org/2000/svg\\"><path stroke-width=\\"1\\" id=\\"MJMAIN-33\\" d=\\"M127 463Q100 463 85 480T69 524Q69 579 117 622T233 665Q268 665 277 664Q351 652 390 611T430 522Q430 470 396 421T302 350L299 348Q299 347 308 345T337 336T375 315Q457 262 457 175Q457 96 395 37T238 -22Q158 -22 100 21T42 130Q42 158 60 175T105 193Q133 193 151 175T169 130Q169 119 166 110T159 94T148 82T136 74T126 70T118 67L114 66Q165 21 238 21Q293 21 321 74Q338 107 338 175V195Q338 290 274 322Q259 328 213 329L171 330L168 332Q166 335 166 348Q166 366 174 366Q202 366 232 371Q266 376 294 413T322 525V533Q322 590 287 612Q265 626 240 626Q208 626 181 615T143 592T132 580H135Q138 579 143 578T153 573T165 566T175 555T183 540T186 520Q186 498 172 481T127 463Z\\"/><path stroke-width=\\"1\\" id=\\"MJMAIN-2B\\" d=\\"M56 237T56 250T70 270H369V420L370 570Q380 583 389 583Q402 583 409 568V270H707Q722 262 722 250T707 230H409V-68Q401 -82 391 -82H389H387Q375 -82 369 -68V230H70Q56 237 56 250Z\\"/><path stroke-width=\\"1\\" id=\\"MJMAIN-35\\" d=\\"M164 157Q164 133 148 117T109 101H102Q148 22 224 22Q294 22 326 82Q345 115 345 210Q345 313 318 349Q292 382 260 382H254Q176 382 136 314Q132 307 129 306T114 304Q97 304 95 310Q93 314 93 485V614Q93 664 98 664Q100 666 102 666Q103 666 123 658T178 642T253 634Q324 634 389 662Q397 666 402 666Q410 666 410 648V635Q328 538 205 538Q174 538 149 544L139 546V374Q158 388 169 396T205 412T256 420Q337 420 393 355T449 201Q449 109 385 44T229 -22Q148 -22 99 32T50 154Q50 178 61 192T84 210T107 214Q132 214 148 197T164 157Z\\"/><path stroke-width=\\"1\\" id=\\"MJMAIN-3D\\" d=\\"M56 347Q56 360 70 367H707Q722 359 722 347Q722 336 708 328L390 327H72Q56 332 56 347ZM56 153Q56 168 72 173H708Q722 163 722 153Q722 140 707 133H70Q56 140 56 153Z\\"/><path stroke-width=\\"1\\" id=\\"MJMAIN-38\\" d=\\"M70 417T70 494T124 618T248 666Q319 666 374 624T429 515Q429 485 418 459T392 417T361 389T335 371T324 363L338 354Q352 344 366 334T382 323Q457 264 457 174Q457 95 399 37T249 -22Q159 -22 101 29T43 155Q43 263 172 335L154 348Q133 361 127 368Q70 417 70 494ZM286 386L292 390Q298 394 301 396T311 403T323 413T334 425T345 438T355 454T364 471T369 491T371 513Q371 556 342 586T275 624Q268 625 242 625Q201 625 165 599T128 534Q128 511 141 492T167 463T217 431Q224 426 228 424L286 386ZM250 21Q308 21 350 55T392 137Q392 154 387 169T375 194T353 216T330 234T301 253T274 270Q260 279 244 289T218 306L210 311Q204 311 181 294T133 239T107 157Q107 98 150 60T250 21Z\\"/></defs>",
    "SVGRepresentation": "<svg xmlns:xlink=\\"http://www.w3.org/1999/xlink\\" width=\\"9.426ex\\" height=\\"2.237ex\\" viewBox=\\"0 -781.2 4058.5 963\\" role=\\"img\\" focusable=\\"false\\" xmlns=\\"http://www.w3.org/2000/svg\\" style=\\"vertical-align: -0.422ex;\\"><defs><path stroke-width=\\"1\\" id=\\"MJMAIN-33\\" d=\\"M127 463Q100 463 85 480T69 524Q69 579 117 622T233 665Q268 665 277 664Q351 652 390 611T430 522Q430 470 396 421T302 350L299 348Q299 347 308 345T337 336T375 315Q457 262 457 175Q457 96 395 37T238 -22Q158 -22 100 21T42 130Q42 158 60 175T105 193Q133 193 151 175T169 130Q169 119 166 110T159 94T148 82T136 74T126 70T118 67L114 66Q165 21 238 21Q293 21 321 74Q338 107 338 175V195Q338 290 274 322Q259 328 213 329L171 330L168 332Q166 335 166 348Q166 366 174 366Q202 366 232 371Q266 376 294 413T322 525V533Q322 590 287 612Q265 626 240 626Q208 626 181 615T143 592T132 580H135Q138 579 143 578T153 573T165 566T175 555T183 540T186 520Q186 498 172 481T127 463Z\\"></path><path stroke-width=\\"1\\" id=\\"MJMAIN-2B\\" d=\\"M56 237T56 250T70 270H369V420L370 570Q380 583 389 583Q402 583 409 568V270H707Q722 262 722 250T707 230H409V-68Q401 -82 391 -82H389H387Q375 -82 369 -68V230H70Q56 237 56 250Z\\"></path><path stroke-width=\\"1\\" id=\\"MJMAIN-35\\" d=\\"M164 157Q164 133 148 117T109 101H102Q148 22 224 22Q294 22 326 82Q345 115 345 210Q345 313 318 349Q292 382 260 382H254Q176 382 136 314Q132 307 129 306T114 304Q97 304 95 310Q93 314 93 485V614Q93 664 98 664Q100 666 102 666Q103 666 123 658T178 642T253 634Q324 634 389 662Q397 666 402 666Q410 666 410 648V635Q328 538 205 538Q174 538 149 544L139 546V374Q158 388 169 396T205 412T256 420Q337 420 393 355T449 201Q449 109 385 44T229 -22Q148 -22 99 32T50 154Q50 178 61 192T84 210T107 214Q132 214 148 197T164 157Z\\"></path><path stroke-width=\\"1\\" id=\\"MJMAIN-3D\\" d=\\"M56 347Q56 360 70 367H707Q722 359 722 347Q722 336 708 328L390 327H72Q56 332 56 347ZM56 153Q56 168 72 173H708Q722 163 722 153Q722 140 707 133H70Q56 140 56 153Z\\"></path><path stroke-width=\\"1\\" id=\\"MJMAIN-38\\" d=\\"M70 417T70 494T124 618T248 666Q319 666 374 624T429 515Q429 485 418 459T392 417T361 389T335 371T324 363L338 354Q352 344 366 334T382 323Q457 264 457 174Q457 95 399 37T249 -22Q159 -22 101 29T43 155Q43 263 172 335L154 348Q133 361 127 368Q70 417 70 494ZM286 386L292 390Q298 394 301 396T311 403T323 413T334 425T345 438T355 454T364 471T369 491T371 513Q371 556 342 586T275 624Q268 625 242 625Q201 625 165 599T128 534Q128 511 141 492T167 463T217 431Q224 426 228 424L286 386ZM250 21Q308 21 350 55T392 137Q392 154 387 169T375 194T353 216T330 234T301 253T274 270Q260 279 244 289T218 306L210 311Q204 311 181 294T133 239T107 157Q107 98 150 60T250 21Z\\"></path></defs><g stroke=\\"currentColor\\" fill=\\"currentColor\\" stroke-width=\\"0\\" transform=\\"matrix(1 0 0 -1 0 0)\\"><use xlink:href=\\"#MJMAIN-33\\" x=\\"0\\" y=\\"0\\"></use><use xlink:href=\\"#MJMAIN-2B\\" x=\\"722\\" y=\\"0\\"></use><use xlink:href=\\"#MJMAIN-35\\" x=\\"1723\\" y=\\"0\\"></use><use xlink:href=\\"#MJMAIN-3D\\" x=\\"2501\\" y=\\"0\\"></use><use xlink:href=\\"#MJMAIN-38\\" x=\\"3558\\" y=\\"0\\"></use></g></svg>",
    "TeXRepresentation": "3+5=8",
    "_id": "MPInlineMathFragment:A8A76DC2-EA6A-44BF-E8E7-B4A9EAEDF090",
    "containingObject": "MPParagraphElement:345B8B57-2E5E-45ED-E587-4EAAC2BD63E9",
    "objectType": "MPInlineMathFragment",
  },
  "MPParagraphElement:6B6DBF43-F7B2-404C-89DD-0EC1E1442B27" => Object {
    "_id": "MPParagraphElement:6B6DBF43-F7B2-404C-89DD-0EC1E1442B27",
    "contents": "<p xmlns=\\"http://www.w3.org/1999/xhtml\\" id=\\"MPParagraphElement:6B6DBF43-F7B2-404C-89DD-0EC1E1442B27\\" class=\\"MPElement MPParagraphStyle_7EAB5784-717B-4672-BD59-8CA324FB0637\\" data-object-type=\\"MPParagraphElement\\">A cross-reference to a figure: <span class=\\"cross-reference\\" data-reference-id=\\"MPAuxiliaryObjectReference:82E2F9F9-797F-4397-9084-D98B72C12903\\"><span class=\\"kind elementIndex\\"><b>Figure 1</b></span></span></p>",
    "elementType": "p",
    "objectType": "MPParagraphElement",
    "paragraphStyle": "MPParagraphStyle:7EAB5784-717B-4672-BD59-8CA324FB0637",
  },
  "MPParagraphElement:41B99DAB-F86C-477F-D36C-2B8590B5DAD0" => Object {
    "_id": "MPParagraphElement:41B99DAB-F86C-477F-D36C-2B8590B5DAD0",
    "contents": "<p xmlns=\\"http://www.w3.org/1999/xhtml\\" id=\\"MPParagraphElement:41B99DAB-F86C-477F-D36C-2B8590B5DAD0\\" class=\\"MPElement MPParagraphStyle_7EAB5784-717B-4672-BD59-8CA324FB0637\\" data-object-type=\\"MPParagraphElement\\">A cross-reference to a table: <span class=\\"cross-reference\\" data-reference-id=\\"MPAuxiliaryObjectReference:88AF1DCA-B232-4791-8EAA-F38E0025A3C6\\"><span class=\\"kind elementIndex\\"><b>Table 1</b></span></span></p>",
    "elementType": "p",
    "objectType": "MPParagraphElement",
    "paragraphStyle": "MPParagraphStyle:7EAB5784-717B-4672-BD59-8CA324FB0637",
  },
  "MPParagraphElement:C8A173A4-DF32-4242-E800-28A1AE5B48B8" => Object {
    "_id": "MPParagraphElement:C8A173A4-DF32-4242-E800-28A1AE5B48B8",
    "contents": "<p xmlns=\\"http://www.w3.org/1999/xhtml\\" id=\\"MPParagraphElement:C8A173A4-DF32-4242-E800-28A1AE5B48B8\\" class=\\"MPElement MPParagraphStyle_7EAB5784-717B-4672-BD59-8CA324FB0637\\" data-object-type=\\"MPParagraphElement\\">A cross-reference to an equation: <span class=\\"cross-reference\\" data-reference-id=\\"MPAuxiliaryObjectReference:461D1AFF-1871-4594-8E07-963D3476B7F5\\"><span class=\\"kind elementIndex\\"><b>Equation 1</b></span></span></p>",
    "elementType": "p",
    "objectType": "MPParagraphElement",
    "paragraphStyle": "MPParagraphStyle:7EAB5784-717B-4672-BD59-8CA324FB0637",
  },
  "MPParagraphElement:CB7347E5-8502-4667-82B9-51104BB1FEDB" => Object {
    "_id": "MPParagraphElement:CB7347E5-8502-4667-82B9-51104BB1FEDB",
    "contents": "<p xmlns=\\"http://www.w3.org/1999/xhtml\\" id=\\"MPParagraphElement:CB7347E5-8502-4667-82B9-51104BB1FEDB\\" class=\\"MPElement MPParagraphStyle_7EAB5784-717B-4672-BD59-8CA324FB0637\\" data-object-type=\\"MPParagraphElement\\"><span class=\\"citation\\" data-reference-id=\\"MPCitation:C1BA9478-E940-4273-CB5C-0DDCD62CFBF2\\">A hyperlink</span></p>",
    "elementType": "p",
    "objectType": "MPParagraphElement",
    "paragraphStyle": "MPParagraphStyle:7EAB5784-717B-4672-BD59-8CA324FB0637",
  },
  "MPParagraphElement:3708E8C7-441C-4502-8BFC-D3A2059CEF8B" => Object {
    "_id": "MPParagraphElement:3708E8C7-441C-4502-8BFC-D3A2059CEF8B",
    "contents": "<p xmlns=\\"http://www.w3.org/1999/xhtml\\" id=\\"MPParagraphElement:3708E8C7-441C-4502-8BFC-D3A2059CEF8B\\" class=\\"MPElement MPParagraphStyle_7EAB5784-717B-4672-BD59-8CA324FB0637\\" data-object-type=\\"MPParagraphElement\\">A footnote:<span class=\\"footnote\\" id=\\"MPFootnote:B1589279-0F3B-472B-BF11-3F59D6B65791\\">1</span></p>",
    "elementType": "p",
    "objectType": "MPParagraphElement",
    "paragraphStyle": "MPParagraphStyle:7EAB5784-717B-4672-BD59-8CA324FB0637",
  },
  "MPFootnotesElement:4CD7CE08-0880-46BD-FF83-52E32AEFAC3E" => Object {
    "_id": "MPFootnotesElement:4CD7CE08-0880-46BD-FF83-52E32AEFAC3E",
    "contents": "<div xmlns=\\"http://www.w3.org/1999/xhtml\\" xmlns=\\"http://www.w3.org/1999/xhtml\\" id=\\"MPFootnotesElement:4CD7CE08-0880-46BD-FF83-52E32AEFAC3E\\" class=\\"footnotes\\"></div>",
    "objectType": "MPFootnotesElement",
  },
  "MPSection:E07B0D52-9642-4D58-E577-26F8804E3DEE" => Object {
    "_id": "MPSection:E07B0D52-9642-4D58-E577-26F8804E3DEE",
    "elementIDs": Array [
      "MPBibliographyElement:5987B3BA-D894-4700-90D6-114E20B9F3B1",
    ],
    "objectType": "MPSection",
    "path": Array [
      "MPSection:E07B0D52-9642-4D58-E577-26F8804E3DEE",
    ],
    "priority": 4,
    "title": "Bibliography",
  },
  "MPBibliographyElement:5987B3BA-D894-4700-90D6-114E20B9F3B1" => Object {
    "_id": "MPBibliographyElement:5987B3BA-D894-4700-90D6-114E20B9F3B1",
    "contents": "<div xmlns=\\"http://www.w3.org/1999/xhtml\\" class=\\"csl-bib-body\\" id=\\"MPBibliographyElement:5987B3BA-D894-4700-90D6-114E20B9F3B1\\"></div>",
    "elementType": "div",
    "objectType": "MPBibliographyElement",
  },
}
`;
